app/community/[postId]/page.tsx(72,50): error TS7006: Parameter 'paragraph' implicitly has an 'any' type.
app/community/[postId]/page.tsx(72,61): error TS7006: Parameter 'index' implicitly has an 'any' type.
components/booking-widget.tsx(89,27): error TS2345: Argument of type 'Set<unknown>' is not assignable to parameter of type 'SetStateAction<Set<string>>'.
  Type 'Set<unknown>' is not assignable to type 'Set<string>'.
    Type 'unknown' is not assignable to type 'string'.
